[shahdabass.github.io/MyPortfolio/index.html]
[backblue.gif]
[fade.gif]
[index.html]
[shahdabass.github.io/MyPortfolio/vendor/bootstrap/css/bootstrap.min.css]
[shahdabass.github.io/MyPortfolio/vendor/icofont/icofont.min.css]
[shahdabass.github.io/MyPortfolio/vendor/boxicons/css/boxicons.min.css]
[shahdabass.github.io/MyPortfolio/vendor/venobox/venobox.css]
[shahdabass.github.io/MyPortfolio/vendor/owl.carousel/assets/owl.carousel.min.css]
[shahdabass.github.io/MyPortfolio/vendor/aos/aos.css]
[shahdabass.github.io/MyPortfolio/css/style.css]
[shahdabass.github.io/MyPortfolio/img/profile-img.jpg]
[shahdabass.github.io/MyPortfolio/index-2.html]
[shahdabass.github.io/MyPortfolio/img/portfolio/portfolio-1.png]
[shahdabass.github.io/MyPortfolio/img/portfolio/portfolio-2.png]
[shahdabass.github.io/MyPortfolio/img/portfolio/portfolio-3.png]
[shahdabass.github.io/MyPortfolio/img/portfolio/portfolio-4.png]
[shahdabass.github.io/MyPortfolio/img/portfolio/portfolio-5.png]
[shahdabass.github.io/MyPortfolio/img/portfolio/portfolio-6.png]
[shahdabass.github.io/MyPortfolio/img/portfolio/portfolio-32.png]
[shahdabass.github.io/MyPortfolio/img/portfolio/portfolio-31.png]
[shahdabass.github.io/MyPortfolio/img/portfolio/portfolio-7.png]
[shahdabass.github.io/MyPortfolio/img/portfolio/portfolio-8.png]
[shahdabass.github.io/MyPortfolio/img/portfolio/portfolio-10.png]
[shahdabass.github.io/MyPortfolio/img/portfolio/portfolio-14.png]
[shahdabass.github.io/MyPortfolio/img/portfolio/portfolio-17.png]
[shahdabass.github.io/MyPortfolio/vendor/jquery/jquery.min.js]
[shahdabass.github.io/MyPortfolio/vendor/bootstrap/js/bootstrap.bundle.min.js]
[shahdabass.github.io/MyPortfolio/vendor/jquery.easing/jquery.easing.min.js]
[shahdabass.github.io/MyPortfolio/vendor/php-email-form/validate.js]
[shahdabass.github.io/MyPortfolio/vendor/waypoints/jquery.waypoints.min.js]
[shahdabass.github.io/MyPortfolio/vendor/counterup/counterup.min.js]
[shahdabass.github.io/MyPortfolio/vendor/isotope-layout/isotope.pkgd.min.js]
[shahdabass.github.io/MyPortfolio/vendor/venobox/venobox.min.js]
[shahdabass.github.io/MyPortfolio/vendor/owl.carousel/owl.carousel.min.js]
[shahdabass.github.io/MyPortfolio/vendor/typed.js/typed.min.js]
[shahdabass.github.io/MyPortfolio/vendor/aos/aos.js]
[shahdabass.github.io/MyPortfolio/js/main.js]
[shahdabass.github.io/MyPortfolio/index.html]
[shahdabass.github.io/MyPortfolio/vendor/bootstrap/css/bootstrap.min.css]
[shahdabass.github.io/MyPortfolio/vendor/icofont/fonts/icofont.woff2]
[shahdabass.github.io/MyPortfolio/vendor/icofont/fonts/icofont.woff]
[shahdabass.github.io/MyPortfolio/vendor/icofont/icofont.min.css]
[shahdabass.github.io/MyPortfolio/vendor/boxicons/fonts/boxicons.eot]
[shahdabass.github.io/MyPortfolio/vendor/boxicons/fonts/boxicons.woff2]
[shahdabass.github.io/MyPortfolio/vendor/boxicons/fonts/boxicons.woff]
[shahdabass.github.io/MyPortfolio/vendor/boxicons/fonts/boxicons.ttf]
[shahdabass.github.io/MyPortfolio/vendor/boxicons/css/boxicons.min.css]
[shahdabass.github.io/MyPortfolio/vendor/venobox/venobox.css]
[shahdabass.github.io/MyPortfolio/vendor/boxicons/fonts/boxiconsd41d.svg]
[shahdabass.github.io/MyPortfolio/vendor/owl.carousel/assets/owl.video.play.png]
[shahdabass.github.io/MyPortfolio/vendor/owl.carousel/assets/owl.carousel.min.css]
[shahdabass.github.io/MyPortfolio/vendor/aos/aos.css]
[shahdabass.github.io/MyPortfolio/img/pc.jpg]
[shahdabass.github.io/MyPortfolio/css/style.css]
[shahdabass.github.io/MyPortfolio/index-2.html]
[shahdabass.github.io/MyPortfolio/vendor/boxicons/fonts/boxiconsd41d.svg]
